\BOOKMARK [1][-]{section.1}{\376\377\225\356\230\230\221\315\217\360}{}% 1
\BOOKMARK [2][-]{subsection.1.1}{\376\377\225\356\230\230\116\000\377\032\116\073\155\101\152\041\127\213\166\204\176\374\124\010\140\047\200\375\213\304\116\367}{section.1}% 2
\BOOKMARK [2][-]{subsection.1.2}{\376\377\225\356\230\230\116\214\377\032\116\015\124\014\116\373\122\241\127\072\146\157\116\013\166\204\152\041\127\213\220\011\142\351}{section.1}% 3
\BOOKMARK [2][-]{subsection.1.3}{\376\377\225\356\230\230\116\011\377\032\142\020\147\054\176\246\147\137\116\013\166\204\220\350\177\162\121\263\173\126}{section.1}% 4
\BOOKMARK [1][-]{section.2}{\376\377\225\356\230\230\122\006\147\220}{}% 5
\BOOKMARK [2][-]{subsection.2.1}{\376\377\116\316\230\230\166\356\211\201\154\102\122\060\136\372\152\041\215\357\176\277}{section.2}% 6
\BOOKMARK [2][-]{subsection.2.2}{\376\377\121\150\145\207\136\372\152\041\150\106\147\266}{section.2}% 7
\BOOKMARK [1][-]{section.3}{\376\377\152\041\127\213\120\107\213\276\116\016\173\046\123\367}{}% 8
\BOOKMARK [2][-]{subsection.3.1}{\376\377\152\041\127\213\120\107\213\276}{section.3}% 9
\BOOKMARK [2][-]{subsection.3.2}{\376\377\116\073\211\201\173\046\123\367}{section.3}% 10
\BOOKMARK [1][-]{section.4}{\376\377\225\356\230\230\116\000\377\032\177\072\131\061\141\037\167\345\166\204\116\224\176\364\200\375\122\233\213\304\116\367}{}% 11
\BOOKMARK [2][-]{subsection.4.1}{\376\377\116\072\116\300\116\110\225\356\230\230\116\000\227\000\211\201\177\072\131\061\141\037\167\345\166\204\153\324\217\203\117\123\174\373}{section.4}% 12
\BOOKMARK [2][-]{subsection.4.2}{\376\377\177\072\131\061\141\037\167\345\166\370\121\163\140\047\116\016\000\040\000B\000e\000n\000c\000h\000m\000a\000r\000k\000\040\000F\000a\000m\000i\000l\000y\000\040\136\163\210\141}{section.4}% 13
\BOOKMARK [2][-]{subsection.4.3}{\376\377\153\143\122\031\123\026\000\040\000B\000r\000a\000d\000l\000e\000y\040\023\000T\000e\000r\000r\000y\000\040\200\375\122\233\117\060\213\241}{section.4}% 14
\BOOKMARK [2][-]{subsection.4.4}{\376\377\176\374\124\010\147\103\221\315\116\016\000\040\000R\000a\000n\000k\000i\000n\000g\000\040\000A}{section.4}% 15
\BOOKMARK [2][-]{subsection.4.5}{\376\377\000Q\0001\000\040\176\323\147\234\377\032\200\375\122\233\176\323\147\204\116\016\176\374\124\010\213\304\116\367}{section.4}% 16
\BOOKMARK [2][-]{subsection.4.6}{\376\377\116\015\170\156\133\232\140\047\116\016\176\323\147\204\172\063\120\145\140\047}{section.4}% 17
\BOOKMARK [1][-]{section.5}{\376\377\225\356\230\230\116\214\377\032\200\003\206\121\200\375\122\233\116\222\210\145\166\204\127\072\146\157\145\110\165\050}{}% 18
\BOOKMARK [2][-]{subsection.5.1}{\376\377\116\072\116\300\116\110\176\374\124\010\143\222\124\015\217\330\116\015\200\375\126\336\173\124\127\072\146\157\220\011\142\351}{section.5}% 19
\BOOKMARK [2][-]{subsection.5.2}{\376\377\127\072\146\157\227\000\154\102\116\016\000\040\000C\000E\000S\000\040\200\132\124\010}{section.5}% 20
\BOOKMARK [2][-]{subsection.5.3}{\376\377\127\072\146\157\145\110\165\050\176\323\147\234}{section.5}% 21
\BOOKMARK [2][-]{subsection.5.4}{\376\377\143\222\124\015\217\301\171\373\377\032\116\316\140\073\117\123\200\375\122\233\122\060\116\373\122\241\220\002\221\115}{section.5}% 22
\BOOKMARK [2][-]{subsection.5.5}{\376\377\000C\000E\000S\000\040\143\222\124\015\172\063\133\232\140\047}{section.5}% 23
\BOOKMARK [1][-]{section.6}{\376\377\225\356\230\230\116\011\377\032\142\020\147\054\176\246\147\137\116\013\166\204\000\040\000P\000a\000r\000e\000t\000o\000\040\121\263\173\126}{}% 24
\BOOKMARK [2][-]{subsection.6.1}{\376\377\116\072\116\300\116\110\127\072\146\157\145\110\165\050\217\330\116\015\200\375\121\263\133\232\220\350\177\162}{section.6}% 25
\BOOKMARK [2][-]{subsection.6.2}{\376\377\135\345\117\134\215\037\217\175\142\020\147\054}{section.6}% 26
\BOOKMARK [2][-]{subsection.6.3}{\376\377\142\020\147\054\117\341\140\157\133\214\145\164\140\047}{section.6}% 27
\BOOKMARK [2][-]{subsection.6.4}{\376\377\000P\000a\000r\000e\000t\000o\000\040\122\115\154\277\116\016\127\072\146\157\121\263\173\126}{section.6}% 28
\BOOKMARK [2][-]{subsection.6.5}{\376\377\230\204\173\227\176\246\147\137\116\013\166\204\143\250\203\120\173\126\165\145}{section.6}% 29
\BOOKMARK [1][-]{section.7}{\376\377\152\041\127\213\213\304\116\367\116\016\145\071\217\333}{}% 30
\BOOKMARK [2][-]{subsection.7.1}{\376\377\152\041\127\213\117\030\160\271}{section.7}% 31
\BOOKMARK [2][-]{subsection.7.2}{\376\377\134\100\226\120\116\016\145\071\217\333\145\271\124\021}{section.7}% 32
\BOOKMARK [1][-]{section.8}{\376\377\176\323\213\272}{}% 33
\BOOKMARK [1][-]{appendix.A}{\376\377\210\145\121\105\172\063\120\145\140\047\116\016\116\367\150\074\137\353\161\147}{}% 34
\BOOKMARK [2][-]{subsection.A.1}{\376\377\133\214\145\164\143\222\124\015\151\202\163\207\167\351\226\065}{appendix.A}% 35
\BOOKMARK [2][-]{subsection.A.2}{\376\377\121\166\116\326\210\145\121\105\126\376\137\142}{appendix.A}% 36
\BOOKMARK [2][-]{subsection.A.3}{\376\377\000L\000O\000S\000O\000\040\172\063\120\145\140\047}{appendix.A}% 37
\BOOKMARK [2][-]{subsection.A.4}{\376\377\173\111\147\103\145\117\141\037\140\047}{appendix.A}% 38
\BOOKMARK [2][-]{subsection.A.5}{\376\377\122\250\140\001\116\367\150\074\213\260\137\125}{appendix.A}% 39
